[2m15:25:31[22m [34m[content][39m Syncing content
[2m15:25:31[22m [34m[content][39m Synced content
[2m15:25:31[22m [34m[types][39m Generated [2m1.24s[22m
[2m15:25:31[22m [34m[build][39m output: [34m"static"[39m
[2m15:25:31[22m [34m[build][39m mode: [34m"static"[39m
[2m15:25:31[22m [34m[build][39m directory: [34mC:\web-site-downkingo\dist\[39m
[2m15:25:31[22m [34m[build][39m Collecting build info...
[2m15:25:31[22m [34m[build][39m [32m✓ Completed in 1.88s.[39m
[2m15:25:31[22m [34m[build][39m Building static entrypoints...
bunx : [31m[1m15:25:38[22m 
[ERROR] [vite][39m [31m✗[39m 
Build failed in 6.01s
No linha:1 caractere:1
+ bunx astro build > 
build_output.txt 2>&1
+ ~~~~~~~~~~~~~~~~~~~~~~~~~~~~~~~~~
~~~~~~~
    + CategoryInfo          : NotS 
   pecified: ([31m[1m15:25:...f  
  ailed in 6.01s:String) [], Rem   
 oteException
    + FullyQualifiedErrorId : Nati 
   veCommandError
 
 astro-internal:middleware (1:9): 
"onRequest" is not exported by 
"src/middleware.ts", imported by 
" astro-internal:middleware".
file: 
 astro-internal:middleware:1:9

1: import { onRequest as 
userOnRequest } from 'C:/web-site-d
ownkingo/src/middleware.ts';
            ^
2: import { sequence } from 
'astro:middleware';
3: import { onRequest as _pre_0 } 
from '@astrojs/starlight/locals';

  [1mLocation:[22m
    [4m astro-internal:middleware:
1:9[24m
  [1mStack trace:[22m
[2m    at getRollupError (file:///
C:/web-site-downkingo/node_modules/
rollup/dist/es/shared/parseAst.js:4
01:41)
    at Module.error (file:///C:/web
-site-downkingo/node_modules/rollup
/dist/es/shared/node-entry.js:17022
:16)
    at ModuleScope.findVariable (fi
le:///C:/web-site-downkingo/node_mo
dules/rollup/dist/es/shared/node-en
try.js:15141:39)
    at CallExpression.bind (file://
/C:/web-site-downkingo/node_modules
/rollup/dist/es/shared/node-entry.j
s:2825:28)
    at VariableDeclarator.bind (fil
e:///C:/web-site-downkingo/node_mod
ules/rollup/dist/es/shared/node-ent
ry.js:2829:23)[22m
